(2026-08-05T00:57:51.7333393) (2026-08-05T00:57:51.7338584) [Msg] Gazebo Sim Server v7.9.0
(2026-08-05T00:57:51.11803608) (2026-08-05T00:57:51.11808296) [Msg] Loading SDF world file[/home/cxj/coaxial_uav/worlds/static_water_takeoff_video.sdf].
(2026-08-05T00:57:51.139853738) (2026-08-05T00:57:51.139861986) [Msg] Serving entity system service on [/entity/system/add]
(2026-08-05T00:57:51.309852718) (2026-08-05T00:57:51.309859252) [Dbg] [Physics.cc:889] Loaded [gz::physics::dartsim::Plugin] from library [/usr/lib/x86_64-linux-gnu/gz-physics-6/engine-plugins/libgz-physics-dartsim-plugin.so]
(2026-08-05T00:57:51.309907263) (2026-08-05T00:57:51.309912191) [Dbg] [SystemManager.cc:74] Loaded system [gz::sim::systems::Physics] for entity [1]
(2026-08-05T00:57:51.312473358) (2026-08-05T00:57:51.312479183) [Msg] Create service on [/world/static_water_takeoff/create]
(2026-08-05T00:57:51.312566624) (2026-08-05T00:57:51.312569236) [Msg] Remove service on [/world/static_water_takeoff/remove]
(2026-08-05T00:57:51.312646548) (2026-08-05T00:57:51.312649416) [Msg] Pose service on [/world/static_water_takeoff/set_pose]
(2026-08-05T00:57:51.312712661) (2026-08-05T00:57:51.312717645) [Msg] Pose service on [/world/static_water_takeoff/set_pose_vector]
(2026-08-05T00:57:51.312826741) (2026-08-05T00:57:51.312829925) [Msg] Light configuration service on [/world/static_water_takeoff/light_config]
(2026-08-05T00:57:51.312987411) (2026-08-05T00:57:51.312990712) [Msg] Physics service on [/world/static_water_takeoff/set_physics]
(2026-08-05T00:57:51.313088027) (2026-08-05T00:57:51.313093358) [Msg] SphericalCoordinates service on [/world/static_water_takeoff/set_spherical_coordinates]
(2026-08-05T00:57:51.313157059) (2026-08-05T00:57:51.313160059) [Msg] Enable collision service on [/world/static_water_takeoff/enable_collision]
(2026-08-05T00:57:51.313427562) (2026-08-05T00:57:51.313430833) [Msg] Disable collision service on [/world/static_water_takeoff/disable_collision]
(2026-08-05T00:57:51.313557970) (2026-08-05T00:57:51.313561013) [Msg] Material service on [/world/static_water_takeoff/visual_config]
(2026-08-05T00:57:51.313640121) (2026-08-05T00:57:51.313645790) [Msg] Material service on [/world/static_water_takeoff/wheel_slip]
(2026-08-05T00:57:51.313668258) (2026-08-05T00:57:51.313670369) [Dbg] [SystemManager.cc:74] Loaded system [gz::sim::systems::UserCommands] for entity [1]
(2026-08-05T00:57:51.315253616) (2026-08-05T00:57:51.315258849) [Dbg] [SystemManager.cc:74] Loaded system [gz::sim::systems::SceneBroadcaster] for entity [1]
(2026-08-05T00:57:51.325914345) (2026-08-05T00:57:51.325927040) [Dbg] [Sensors.cc:525] Configuring Sensors system
(2026-08-05T00:57:51.326033131) (2026-08-05T00:57:51.326035350) [Dbg] [Sensors.cc:444] SensorsPrivate::Run
(2026-08-05T00:57:51.326161649) (2026-08-05T00:57:51.326165153) [Dbg] [SystemManager.cc:74] Loaded system [gz::sim::systems::Sensors] for entity [1]
(2026-08-05T00:57:51.326251207) (2026-08-05T00:57:51.326260766) [Dbg] [Sensors.cc:421] SensorsPrivate::RenderThread started
(2026-08-05T00:57:51.326271264) (2026-08-05T00:57:51.326273260) [Dbg] [Sensors.cc:261] Waiting for init
(2026-08-05T00:57:51.327348211) (2026-08-05T00:57:51.327352882) [Dbg] [SystemManager.cc:74] Loaded system [gz::sim::systems::Contact] for entity [1]
(2026-08-05T00:57:51.328563277) (2026-08-05T00:57:51.328568413) [Msg] Listening to instantaneous wrench commands in [/world/static_water_takeoff/wrench]
(2026-08-05T00:57:51.328619588) (2026-08-05T00:57:51.328622346) [Msg] Listening to persistent wrench commands in [/world/static_water_takeoff/wrench/persistent]
(2026-08-05T00:57:51.328672192) (2026-08-05T00:57:51.328675033) [Msg] Listening to wrench clear commands in [/world/static_water_takeoff/wrench/clear]
(2026-08-05T00:57:51.328684610) (2026-08-05T00:57:51.328686189) [Dbg] [SystemManager.cc:74] Loaded system [gz::sim::systems::ApplyLinkWrench] for entity [1]
(2026-08-05T00:57:51.469448854) (2026-08-05T00:57:51.469453957) [Dbg] [SystemManager.cc:74] Loaded system [coaxial_uav::MovingLandingTarget] for entity [8]
(2026-08-05T00:57:51.470171064) (2026-08-05T00:57:51.470187735) [Dbg] [SystemManager.cc:74] Loaded system [coaxial_uav::MovingLandingTarget] for entity [13]
(2026-08-05T00:57:51.474943015) (2026-08-05T00:57:51.474953268) [Dbg] [SystemManager.cc:74] Loaded system [gz::sim::systems::PosePublisher] for entity [40]
(2026-08-05T00:57:51.476146398) (2026-08-05T00:57:51.476151648) [Dbg] [SystemManager.cc:74] Loaded system [gz::sim::systems::JointStatePublisher] for entity [40]
(2026-08-05T00:57:51.482913865) (2026-08-05T00:57:51.482922034) [Dbg] [SystemManager.cc:74] Loaded system [coaxial_uav::CoaxialPidController] for entity [40]
(2026-08-05T00:57:51.488540899) (2026-08-05T00:57:51.488549809) [Dbg] [SystemManager.cc:74] Loaded system [coaxial_uav::NearSurfaceDisturbance] for entity [40]
(2026-08-05T00:57:51.494439194) (2026-08-05T00:57:51.494452240) [Dbg] [SystemManager.cc:74] Loaded system [coaxial_uav::AerodynamicEnvironment] for entity [40]
(2026-08-05T00:57:51.499765448) (2026-08-05T00:57:51.499774851) [Dbg] [SystemManager.cc:74] Loaded system [coaxial_uav::CoaxialWaterInteraction] for entity [40]
(2026-08-05T00:57:51.501221738) (2026-08-05T00:57:51.501231525) [Dbg] [MulticopterMotorModel.cc:386] Listening to topic: coaxial_uav/gazebo/command/motor_speed
(2026-08-05T00:57:51.501368332) (2026-08-05T00:57:51.501371996) [Dbg] [SystemManager.cc:74] Loaded system [gz::sim::systems::MulticopterMotorModel] for entity [40]
(2026-08-05T00:57:51.501587995) (2026-08-05T00:57:51.501593534) [Dbg] [MulticopterMotorModel.cc:386] Listening to topic: coaxial_uav/gazebo/command/motor_speed
(2026-08-05T00:57:51.501665712) (2026-08-05T00:57:51.501671323) [Dbg] [SystemManager.cc:74] Loaded system [gz::sim::systems::MulticopterMotorModel] for entity [40]
(2026-08-05T00:57:51.657249052) (2026-08-05T00:57:51.657256185) [Msg] Camera Video recorder stats topic advertised on [recording_camera/image/stats]
(2026-08-05T00:57:51.657314001) (2026-08-05T00:57:51.657316998) [Dbg] [SystemManager.cc:74] Loaded system [gz::sim::systems::CameraVideoRecorder] for entity [91]
(2026-08-05T00:57:51.659911048) (2026-08-05T00:57:51.659916250) [Msg] Loaded level [default]
(2026-08-05T00:57:51.659928651) (2026-08-05T00:57:51.659930024) [Dbg] [ServerConfig.cc:685] Generating LogRecord SDF:
(2026-08-05T00:57:51.659980074) (2026-08-05T00:57:51.659982612) [Dbg] [ServerConfig.cc:741] <plugin name='gz::sim::systems::LogRecord' filename='gz-sim-log-system'>
  <record_path>/home/cxj/coaxial_uav/data/videos/final_baseline/tlog</record_path>
  <record_resources>false</record_resources>
  <record_period>0.10000000000000001</record_period>
</plugin>

(2026-08-05T00:57:51.684455479) (2026-08-05T00:57:51.684464458) [Msg] Recording to log file [/home/cxj/coaxial_uav/data/videos/final_baseline/tlog/state.tlog]
(2026-08-05T00:57:51.684483873) (2026-08-05T00:57:51.684486102) [Dbg] [LogRecord.cc:333] Recording default topic[/tlog/sdf].
(2026-08-05T00:57:51.684492472) (2026-08-05T00:57:51.684493959) [Dbg] [LogRecord.cc:334] Recording default topic[/world/static_water_takeoff/changed_state].
(2026-08-05T00:57:51.708856965) (2026-08-05T00:57:51.708866367) [Dbg] [SystemManager.cc:74] Loaded system [gz::sim::systems::LogRecord] for entity [1]
(2026-08-05T00:57:51.712657516) (2026-08-05T00:57:51.712665444) [Msg] Serving world controls on [/world/static_water_takeoff/control], [/world/static_water_takeoff/control/state] and [/world/static_water_takeoff/playback/control]
(2026-08-05T00:57:51.712748769) (2026-08-05T00:57:51.712752113) [Msg] Serving GUI information on [/world/static_water_takeoff/gui/info]
(2026-08-05T00:57:51.712759006) (2026-08-05T00:57:51.712760437) [Msg] World [static_water_takeoff] initialized with [1ms] physics profile.
(2026-08-05T00:57:51.712874926) (2026-08-05T00:57:51.712878271) [Msg] Serving world SDF generation service on [/world/static_water_takeoff/generate_world_sdf]
(2026-08-05T00:57:51.712957730) (2026-08-05T00:57:51.712963115) [Msg] Serving world names on [/gazebo/worlds]
(2026-08-05T00:57:51.713005648) (2026-08-05T00:57:51.713008618) [Msg] Resource path add service on [/gazebo/resource_paths/add].
(2026-08-05T00:57:51.713054521) (2026-08-05T00:57:51.713057396) [Msg] Resource path get service on [/gazebo/resource_paths/get].
(2026-08-05T00:57:51.713093970) (2026-08-05T00:57:51.713096531) [Msg] Resource path resolve service on [/gazebo/resource_paths/resolve].
(2026-08-05T00:57:51.713186319) (2026-08-05T00:57:51.713189306) [Msg] Resource paths published on [/gazebo/resource_paths].
(2026-08-05T00:57:51.713267887) (2026-08-05T00:57:51.713270630) [Msg] Server control service on [/server_control].
(2026-08-05T00:57:52.885079855) (2026-08-05T00:57:52.885095984) [Msg] Found no publishers on /stats, adding root stats topic
(2026-08-05T00:57:52.885218807) (2026-08-05T00:57:52.885221756) [Msg] Found no publishers on /clock, adding root clock topic
(2026-08-05T00:57:52.885457381) (2026-08-05T00:57:52.885462067) [Dbg] [SimulationRunner.cc:480] Creating PostUpdate worker threads: 8
(2026-08-05T00:57:52.885473580) (2026-08-05T00:57:52.885475048) [Dbg] [SimulationRunner.cc:491] Creating postupdate worker thread (0)
(2026-08-05T00:57:52.885564394) (2026-08-05T00:57:52.885566902) [Dbg] [SimulationRunner.cc:491] Creating postupdate worker thread (1)
(2026-08-05T00:57:52.885631524) (2026-08-05T00:57:52.885634067) [Dbg] [SimulationRunner.cc:491] Creating postupdate worker thread (2)
(2026-08-05T00:57:52.885669933) (2026-08-05T00:57:52.885672522) [Dbg] [SimulationRunner.cc:491] Creating postupdate worker thread (3)
(2026-08-05T00:57:52.885708674) (2026-08-05T00:57:52.885711224) [Dbg] [SimulationRunner.cc:491] Creating postupdate worker thread (4)
(2026-08-05T00:57:52.885741663) (2026-08-05T00:57:52.885744232) [Dbg] [SimulationRunner.cc:491] Creating postupdate worker thread (5)
(2026-08-05T00:57:52.885768561) (2026-08-05T00:57:52.885771096) [Dbg] [SimulationRunner.cc:491] Creating postupdate worker thread (6)
(2026-08-05T00:57:52.893851444) (2026-08-05T00:57:52.893861557) [Dbg] [Sensors.cc:680] Initialization needed
(2026-08-05T00:57:52.893904231) (2026-08-05T00:57:52.893909282) [Msg] Record video service on [recording_camera/record_video]
(2026-08-05T00:57:52.893961571) (2026-08-05T00:57:52.893966261) [Dbg] [Sensors.cc:273] Initializing render context
(2026-08-05T00:57:52.894093409) (2026-08-05T00:57:52.894096332) [Msg] Loading plugin [gz-rendering-ogre2]
(2026-08-05T00:57:52.894692104) (2026-08-05T00:57:52.894696607) [Wrn] [Model.hh:69] Skipping serialization / deserialization for models with //pose/@relative_to attribute.
(2026-08-05T00:57:52.894714234) (2026-08-05T00:57:52.894719029) [Msg] Serving scene information on [/world/static_water_takeoff/scene/info]
(2026-08-05T00:57:52.894777220) (2026-08-05T00:57:52.894780280) [Msg] Serving graph information on [/world/static_water_takeoff/scene/graph]
(2026-08-05T00:57:52.894817672) (2026-08-05T00:57:52.894820593) [Msg] Serving full state on [/world/static_water_takeoff/state]
(2026-08-05T00:57:52.894858319) (2026-08-05T00:57:52.894861183) [Msg] Serving full state (async) on [/world/static_water_takeoff/state_async]
(2026-08-05T00:57:52.894922838) (2026-08-05T00:57:52.894925562) [Msg] Publishing scene information on [/world/static_water_takeoff/scene/info]
(2026-08-05T00:57:52.895235668) (2026-08-05T00:57:52.895240324) [Msg] Publishing entity deletions on [/world/static_water_takeoff/scene/deletion]
(2026-08-05T00:57:52.895298400) (2026-08-05T00:57:52.895301341) [Msg] Publishing state changes on [/world/static_water_takeoff/state]
(2026-08-05T00:57:52.895343414) (2026-08-05T00:57:52.895347946) [Msg] Publishing pose messages on [/world/static_water_takeoff/pose/info]
(2026-08-05T00:57:52.895372463) (2026-08-05T00:57:52.895374277) [Msg] Publishing dynamic pose messages on [/world/static_water_takeoff/dynamic_pose/info]
(2026-08-05T00:57:52.895621114) (2026-08-05T00:57:52.895625664) [Wrn] [Component.hh:144] Trying to serialize component with data type [N3sdf3v135WorldE], which doesn't have `operator<<`. Component will not be serialized.
(2026-08-05T00:57:52.895737439) (2026-08-05T00:57:52.895742674) [Dbg] [EntityComponentManager.cc:1655] Updated state thread iterators: 8 threads processing around 12 entities each.
(2026-08-05T00:57:53.258555571) (2026-08-05T00:57:53.258558897) [Dbg] [RenderUtil.cc:2720] Create scene [scene]
(2026-08-05T00:57:53.270164023) (2026-08-05T00:57:53.270173189) [Dbg] [Sensors.cc:293] Rendering Thread initialized
(2026-08-05T00:57:53.270210492) (2026-08-05T00:57:53.270215944) [Dbg] [Sensors.cc:680] Initialization needed
(2026-08-05T00:57:53.337897694) (2026-08-05T00:57:53.337906221) [Dbg] [CameraSensor.cc:465] Camera images for [recording_camera::link::cam] advertised on [recording_camera/image]
(2026-08-05T00:57:53.338027600) (2026-08-05T00:57:53.338030538) [Dbg] [CameraSensor.cc:793] Camera info for [recording_camera::link::cam] advertised on [/recording_camera/camera_info]
(2026-08-05T00:57:53.338140336) (2026-08-05T00:57:53.338143112) [Wrn] [Ogre2Camera.cc:412] Ogre2Camera::SetVisibilityMask: Mask bits c0000000 are set but will be ignored as they conflict with the reserved bits used internally by the ogre2 backend.
(2026-08-05T00:58:02.339926382) (2026-08-05T00:58:02.339943996) [Msg] Loading plugin [gz-rendering-ogre2]
(2026-08-05T00:58:02.342563715) (2026-08-05T00:58:02.342571331) [Msg] Compatible SW encoder: libx264
(2026-08-05T00:58:02.342580148) (2026-08-05T00:58:02.342581553) [Msg] Using encoder libx264
(2026-08-05T00:58:02.343424591) (2026-08-05T00:58:02.343428539) [Msg] ffmpeg [libx264] using cpu capabilities: MMX2 SSE2Fast SSSE3 SSE4.2 AVX FMA3 BMI2 AVX2

(2026-08-05T00:58:02.344360900) (2026-08-05T00:58:02.344365191) [Msg] ffmpeg [libx264] profile High, level 2.2, 4:2:0, 8-bit

(2026-08-05T00:58:02.344390449) (2026-08-05T00:58:02.344391926) [Msg] ffmpeg [libx264] 264 - core 163 r3060 5db6aa6 - H.264/MPEG-4 AVC codec - Copyleft 2003-2021 - http://www.videolan.org/x264.html - options: cabac=1 ref=5 deblock=1:0:0 analyse=0x3:0x113 me=hex subme=8 psy=1 psy_rd=1.00:0.00 mixed_ref=1 me_range=16 chroma_me=1 trellis=2 8x8dct=1 cqm=0 deadzone=21,11 fast_pskip=1 chroma_qp_offset=-2 threads=5 lookahead_threads=1 sliced_threads=0 nr=0 decimate=1 interlaced=0 bluray_compat=0 constrained_intra=0 bframes=1 b_pyramid=0 b_adapt=1 b_bias=0 direct=3 weightb=1 open_gop=0 weightp=2 keyint=10 keyint_min=1 scenecut=40 intra_refresh=0 rc_lookahead=10 rc=abr mbtree=1 bitrate=2000 ratetol=1.0 qcomp=0.60 qpmin=0 qpmax=69 qpstep=4 ip_ratio=1.40 aq=1:1.00

(2026-08-05T00:58:02.344568952) (2026-08-05T00:58:02.344572682) [Msg] Start video recording on [recording_camera/record_video]. Encoding to tmp file: [91.mp4]
(2026-08-05T00:58:02.348149876) (2026-08-05T00:58:02.348158711) [Dbg] [CameraSensor.cc:590] Enabling camera sensor: 'recording_camera::link::cam' data generation.
(2026-08-05T00:58:56.623748465) (2026-08-05T00:58:56.623769524) [Msg] ffmpeg [libx264] frame I:65    Avg QP: 0.04  size: 15356

(2026-08-05T00:58:56.623779630) (2026-08-05T00:58:56.623781841) [Msg] ffmpeg [libx264] frame P:322   Avg QP: 0.06  size:  1544

(2026-08-05T00:58:56.623787473) (2026-08-05T00:58:56.623789490) [Msg] ffmpeg [libx264] frame B:257   Avg QP: 0.03  size:   178

(2026-08-05T00:58:56.623796113) (2026-08-05T00:58:56.623798163) [Msg] ffmpeg [libx264] consecutive B-frames: 20.2% 79.8%

(2026-08-05T00:58:56.623805092) (2026-08-05T00:58:56.623807148) [Msg] ffmpeg [libx264] mb I  I16..4: 81.5%  9.6%  8.9%

(2026-08-05T00:58:56.623813763) (2026-08-05T00:58:56.623815773) [Msg] ffmpeg [libx264] mb P  I16..4:  0.0%  0.0%  0.0%  P16..4:  0.6%  0.4%  0.4%  0.0%  0.0%    skip:98.5%

(2026-08-05T00:58:56.623824601) (2026-08-05T00:58:56.623826659) [Msg] ffmpeg [libx264] mb B  I16..4:  0.0%  0.0%  0.0%  B16..8:  2.5%  0.3%  0.0%  direct: 1.5%  skip:95.8%  L0:70.1% L1:27.3% BI: 2.5%

(2026-08-05T00:58:56.623834740) (2026-08-05T00:58:56.623836805) [Msg] ffmpeg [libx264] final ratefactor: -20.74

(2026-08-05T00:58:56.623842474) (2026-08-05T00:58:56.623844565) [Msg] ffmpeg [libx264] 8x8 transform intra:9.6% inter:1.9%

(2026-08-05T00:58:56.623850005) (2026-08-05T00:58:56.623852063) [Msg] ffmpeg [libx264] direct mvs  spatial:98.4% temporal:1.6%

(2026-08-05T00:58:56.623858548) (2026-08-05T00:58:56.623860601) [Msg] ffmpeg [libx264] coded y,uvDC,uvAC intra: 21.0% 31.3% 31.0% inter: 0.6% 0.7% 0.7%

(2026-08-05T00:58:56.623869563) (2026-08-05T00:58:56.623870955) [Msg] ffmpeg [libx264] i16 v,h,dc,p: 74% 20%  5%  1%

(2026-08-05T00:58:56.623879194) (2026-08-05T00:58:56.623880575) [Msg] ffmpeg [libx264] i8 v,h,dc,ddl,ddr,vr,hd,vl,hu:  3% 53% 29%  0%  1%  0%  9%  0%  5%

(2026-08-05T00:58:56.623885464) (2026-08-05T00:58:56.623886843) [Msg] ffmpeg [libx264] i4 v,h,dc,ddl,ddr,vr,hd,vl,hu:  8% 43% 24%  6%  2%  2%  5%  2%  8%

(2026-08-05T00:58:56.623891077) (2026-08-05T00:58:56.623892443) [Msg] ffmpeg [libx264] i8c dc,h,v,p: 71% 25%  2%  2%

(2026-08-05T00:58:56.623896475) (2026-08-05T00:58:56.623897827) [Msg] ffmpeg [libx264] Weighted P-Frames: Y:0.0% UV:0.0%

(2026-08-05T00:58:56.623902979) (2026-08-05T00:58:56.623904338) [Msg] ffmpeg [libx264] ref P L0: 89.4%  3.8%  1.5%  2.6%  2.6%  0.1%

(2026-08-05T00:58:56.623908788) (2026-08-05T00:58:56.623910153) [Msg] ffmpeg [libx264] ref B L0: 99.0%  0.6%  0.3%  0.0%

(2026-08-05T00:58:56.623914154) (2026-08-05T00:58:56.623915589) [Msg] ffmpeg [libx264] kb/s:229.73

(2026-08-05T00:58:56.624685715) (2026-08-05T00:58:56.624693058) [Msg] Stop video recording on [recording_camera/record_video].
(2026-08-05T00:58:56.624750086) (2026-08-05T00:58:56.624751731) [Msg] Saving tmp video[91.mp4] file to [/home/cxj/coaxial_uav/data/videos/final_baseline/final_baseline.mp4]
(2026-08-05T00:58:58.613521315) (2026-08-05T00:58:58.613534327) [Dbg] [SignalHandler.cc:142] Received signal[15].
(2026-08-05T00:58:58.613550702) (2026-08-05T00:58:58.613554203) [Dbg] [ServerPrivate.cc:115] Server received signal[15]
(2026-08-05T00:58:58.613570043) (2026-08-05T00:58:58.613573399) [Dbg] [Sensors.cc:452] SensorsPrivate::Stop
