(2026-08-05T00:59:22.109948892) (2026-08-05T00:59:22.109954735) [Msg] Gazebo Sim Server v7.9.0
(2026-08-05T00:59:22.111602677) (2026-08-05T00:59:22.111607058) [Msg] Loading SDF world file[/home/cxj/coaxial_uav/worlds/static_water_takeoff_video.sdf].
(2026-08-05T00:59:22.244377765) (2026-08-05T00:59:22.244384601) [Msg] Serving entity system service on [/entity/system/add]
(2026-08-05T00:59:22.278916615) (2026-08-05T00:59:22.278922496) [Dbg] [Physics.cc:889] Loaded [gz::physics::dartsim::Plugin] from library [/usr/lib/x86_64-linux-gnu/gz-physics-6/engine-plugins/libgz-physics-dartsim-plugin.so]
(2026-08-05T00:59:22.278945119) (2026-08-05T00:59:22.278946538) [Dbg] [SystemManager.cc:74] Loaded system [gz::sim::systems::Physics] for entity [1]
(2026-08-05T00:59:22.280224007) (2026-08-05T00:59:22.280229173) [Msg] Create service on [/world/static_water_takeoff/create]
(2026-08-05T00:59:22.280283911) (2026-08-05T00:59:22.280286342) [Msg] Remove service on [/world/static_water_takeoff/remove]
(2026-08-05T00:59:22.280336380) (2026-08-05T00:59:22.280338827) [Msg] Pose service on [/world/static_water_takeoff/set_pose]
(2026-08-05T00:59:22.280364971) (2026-08-05T00:59:22.280366513) [Msg] Pose service on [/world/static_water_takeoff/set_pose_vector]
(2026-08-05T00:59:22.280427975) (2026-08-05T00:59:22.280430488) [Msg] Light configuration service on [/world/static_water_takeoff/light_config]
(2026-08-05T00:59:22.280539700) (2026-08-05T00:59:22.280542541) [Msg] Physics service on [/world/static_water_takeoff/set_physics]
(2026-08-05T00:59:22.280613229) (2026-08-05T00:59:22.280616215) [Msg] SphericalCoordinates service on [/world/static_water_takeoff/set_spherical_coordinates]
(2026-08-05T00:59:22.280656523) (2026-08-05T00:59:22.280659008) [Msg] Enable collision service on [/world/static_water_takeoff/enable_collision]
(2026-08-05T00:59:22.280686905) (2026-08-05T00:59:22.280689363) [Msg] Disable collision service on [/world/static_water_takeoff/disable_collision]
(2026-08-05T00:59:22.280773485) (2026-08-05T00:59:22.280776286) [Msg] Material service on [/world/static_water_takeoff/visual_config]
(2026-08-05T00:59:22.280829520) (2026-08-05T00:59:22.280832186) [Msg] Material service on [/world/static_water_takeoff/wheel_slip]
(2026-08-05T00:59:22.280845111) (2026-08-05T00:59:22.280846931) [Dbg] [SystemManager.cc:74] Loaded system [gz::sim::systems::UserCommands] for entity [1]
(2026-08-05T00:59:22.281622888) (2026-08-05T00:59:22.281627544) [Dbg] [SystemManager.cc:74] Loaded system [gz::sim::systems::SceneBroadcaster] for entity [1]
(2026-08-05T00:59:22.285132568) (2026-08-05T00:59:22.285137247) [Dbg] [Sensors.cc:525] Configuring Sensors system
(2026-08-05T00:59:22.285347660) (2026-08-05T00:59:22.285356312) [Dbg] [Sensors.cc:444] SensorsPrivate::Run
(2026-08-05T00:59:22.285431304) (2026-08-05T00:59:22.285434346) [Dbg] [SystemManager.cc:74] Loaded system [gz::sim::systems::Sensors] for entity [1]
(2026-08-05T00:59:22.285600693) (2026-08-05T00:59:22.285614244) [Dbg] [Sensors.cc:421] SensorsPrivate::RenderThread started
(2026-08-05T00:59:22.285621405) (2026-08-05T00:59:22.285622909) [Dbg] [Sensors.cc:261] Waiting for init
(2026-08-05T00:59:22.285911044) (2026-08-05T00:59:22.285915088) [Dbg] [SystemManager.cc:74] Loaded system [gz::sim::systems::Contact] for entity [1]
(2026-08-05T00:59:22.286470441) (2026-08-05T00:59:22.286474265) [Msg] Listening to instantaneous wrench commands in [/world/static_water_takeoff/wrench]
(2026-08-05T00:59:22.286513599) (2026-08-05T00:59:22.286516094) [Msg] Listening to persistent wrench commands in [/world/static_water_takeoff/wrench/persistent]
(2026-08-05T00:59:22.286555496) (2026-08-05T00:59:22.286558004) [Msg] Listening to wrench clear commands in [/world/static_water_takeoff/wrench/clear]
(2026-08-05T00:59:22.286569293) (2026-08-05T00:59:22.286570777) [Dbg] [SystemManager.cc:74] Loaded system [gz::sim::systems::ApplyLinkWrench] for entity [1]
(2026-08-05T00:59:22.401301716) (2026-08-05T00:59:22.401309420) [Dbg] [SystemManager.cc:74] Loaded system [coaxial_uav::MovingLandingTarget] for entity [8]
(2026-08-05T00:59:22.401867620) (2026-08-05T00:59:22.401911219) [Dbg] [SystemManager.cc:74] Loaded system [coaxial_uav::MovingLandingTarget] for entity [13]
(2026-08-05T00:59:22.405052152) (2026-08-05T00:59:22.405056404) [Dbg] [SystemManager.cc:74] Loaded system [gz::sim::systems::PosePublisher] for entity [40]
(2026-08-05T00:59:22.405659701) (2026-08-05T00:59:22.405663305) [Dbg] [SystemManager.cc:74] Loaded system [gz::sim::systems::JointStatePublisher] for entity [40]
(2026-08-05T00:59:22.408970974) (2026-08-05T00:59:22.408977419) [Dbg] [SystemManager.cc:74] Loaded system [coaxial_uav::CoaxialPidController] for entity [40]
(2026-08-05T00:59:22.413654818) (2026-08-05T00:59:22.413663665) [Dbg] [SystemManager.cc:74] Loaded system [coaxial_uav::NearSurfaceDisturbance] for entity [40]
(2026-08-05T00:59:22.417819529) (2026-08-05T00:59:22.417828765) [Dbg] [SystemManager.cc:74] Loaded system [coaxial_uav::AerodynamicEnvironment] for entity [40]
(2026-08-05T00:59:22.420979435) (2026-08-05T00:59:22.420987647) [Dbg] [SystemManager.cc:74] Loaded system [coaxial_uav::CoaxialWaterInteraction] for entity [40]
(2026-08-05T00:59:22.421787961) (2026-08-05T00:59:22.421792837) [Dbg] [MulticopterMotorModel.cc:386] Listening to topic: coaxial_uav/gazebo/command/motor_speed
(2026-08-05T00:59:22.421899808) (2026-08-05T00:59:22.421902718) [Dbg] [SystemManager.cc:74] Loaded system [gz::sim::systems::MulticopterMotorModel] for entity [40]
(2026-08-05T00:59:22.422069956) (2026-08-05T00:59:22.422072131) [Dbg] [MulticopterMotorModel.cc:386] Listening to topic: coaxial_uav/gazebo/command/motor_speed
(2026-08-05T00:59:22.422131439) (2026-08-05T00:59:22.422134073) [Dbg] [SystemManager.cc:74] Loaded system [gz::sim::systems::MulticopterMotorModel] for entity [40]
(2026-08-05T00:59:22.459789963) (2026-08-05T00:59:22.459797931) [Msg] Camera Video recorder stats topic advertised on [recording_camera/image/stats]
(2026-08-05T00:59:22.459842208) (2026-08-05T00:59:22.459843734) [Dbg] [SystemManager.cc:74] Loaded system [gz::sim::systems::CameraVideoRecorder] for entity [91]
(2026-08-05T00:59:22.461862363) (2026-08-05T00:59:22.461866612) [Msg] Loaded level [default]
(2026-08-05T00:59:22.461879160) (2026-08-05T00:59:22.461880635) [Dbg] [ServerConfig.cc:685] Generating LogRecord SDF:
(2026-08-05T00:59:22.461911931) (2026-08-05T00:59:22.461913426) [Dbg] [ServerConfig.cc:741] <plugin name='gz::sim::systems::LogRecord' filename='gz-sim-log-system'>
  <record_path>/home/cxj/coaxial_uav/data/videos/final_strong/tlog</record_path>
  <record_resources>false</record_resources>
  <record_period>0.10000000000000001</record_period>
</plugin>

(2026-08-05T00:59:22.475033836) (2026-08-05T00:59:22.475042534) [Msg] Recording to log file [/home/cxj/coaxial_uav/data/videos/final_strong/tlog/state.tlog]
(2026-08-05T00:59:22.475052967) (2026-08-05T00:59:22.475054472) [Dbg] [LogRecord.cc:333] Recording default topic[/tlog/sdf].
(2026-08-05T00:59:22.475060685) (2026-08-05T00:59:22.475062074) [Dbg] [LogRecord.cc:334] Recording default topic[/world/static_water_takeoff/changed_state].
(2026-08-05T00:59:22.499299409) (2026-08-05T00:59:22.499309169) [Dbg] [SystemManager.cc:74] Loaded system [gz::sim::systems::LogRecord] for entity [1]
(2026-08-05T00:59:22.502234821) (2026-08-05T00:59:22.502240182) [Msg] Serving world controls on [/world/static_water_takeoff/control], [/world/static_water_takeoff/control/state] and [/world/static_water_takeoff/playback/control]
(2026-08-05T00:59:22.502302183) (2026-08-05T00:59:22.502304843) [Msg] Serving GUI information on [/world/static_water_takeoff/gui/info]
(2026-08-05T00:59:22.502311488) (2026-08-05T00:59:22.502312894) [Msg] World [static_water_takeoff] initialized with [1ms] physics profile.
(2026-08-05T00:59:22.502391044) (2026-08-05T00:59:22.502393785) [Msg] Serving world SDF generation service on [/world/static_water_takeoff/generate_world_sdf]
(2026-08-05T00:59:22.502456896) (2026-08-05T00:59:22.502459448) [Msg] Serving world names on [/gazebo/worlds]
(2026-08-05T00:59:22.502495592) (2026-08-05T00:59:22.502498102) [Msg] Resource path add service on [/gazebo/resource_paths/add].
(2026-08-05T00:59:22.502539805) (2026-08-05T00:59:22.502542367) [Msg] Resource path get service on [/gazebo/resource_paths/get].
(2026-08-05T00:59:22.502580767) (2026-08-05T00:59:22.502583243) [Msg] Resource path resolve service on [/gazebo/resource_paths/resolve].
(2026-08-05T00:59:22.502648449) (2026-08-05T00:59:22.502651058) [Msg] Resource paths published on [/gazebo/resource_paths].
(2026-08-05T00:59:22.502790094) (2026-08-05T00:59:22.502795297) [Msg] Server control service on [/server_control].
(2026-08-05T00:59:23.988652364) (2026-08-05T00:59:23.988670228) [Msg] Found no publishers on /stats, adding root stats topic
(2026-08-05T00:59:23.989046636) (2026-08-05T00:59:23.989052205) [Msg] Found no publishers on /clock, adding root clock topic
(2026-08-05T00:59:23.989262503) (2026-08-05T00:59:23.989267121) [Dbg] [SimulationRunner.cc:480] Creating PostUpdate worker threads: 8
(2026-08-05T00:59:23.989279621) (2026-08-05T00:59:23.989281090) [Dbg] [SimulationRunner.cc:491] Creating postupdate worker thread (0)
(2026-08-05T00:59:23.989388529) (2026-08-05T00:59:23.989405326) [Dbg] [SimulationRunner.cc:491] Creating postupdate worker thread (1)
(2026-08-05T00:59:23.989461617) (2026-08-05T00:59:23.989464358) [Dbg] [SimulationRunner.cc:491] Creating postupdate worker thread (2)
(2026-08-05T00:59:23.989502080) (2026-08-05T00:59:23.989504701) [Dbg] [SimulationRunner.cc:491] Creating postupdate worker thread (3)
(2026-08-05T00:59:23.989571106) (2026-08-05T00:59:23.989573984) [Dbg] [SimulationRunner.cc:491] Creating postupdate worker thread (4)
(2026-08-05T00:59:23.989614609) (2026-08-05T00:59:23.989617228) [Dbg] [SimulationRunner.cc:491] Creating postupdate worker thread (5)
(2026-08-05T00:59:23.989724657) (2026-08-05T00:59:23.989727424) [Dbg] [SimulationRunner.cc:491] Creating postupdate worker thread (6)
(2026-08-05T00:59:23.997174515) (2026-08-05T00:59:23.997188019) [Dbg] [Sensors.cc:680] Initialization needed
(2026-08-05T00:59:23.997593529) (2026-08-05T00:59:23.997599051) [Msg] Record video service on [recording_camera/record_video]
((2026-08-05T00:59:23.998004873) (2026-08-05T00:59:23.998011695) (2026-08-05T00:59:23.9980192962026-08-05T00:59:23.998026625) 2026-08-05T00:59:23.998026625) ) [Msg] [Dbg] [Sensors.cc:273] Initializing render context/world/static_water_takeoff

/scene/info]
(2026-08-05T00:59:23.998121105) (2026-08-05T00:59:23.998124079) [Msg] Serving graph information on [/world/static_water_takeoff/scene/graph]
(2026-08-05T00:59:23.998163422) (2026-08-05T00:59:23.998166936) [Msg] Loading plugin [gz-rendering-ogre2]
(2026-08-05T00:59:23.998175037) (2026-08-05T00:59:23.998177718) [Msg] Serving full state on [/world/static_water_takeoff/state]
(2026-08-05T00:59:23.998205344) (2026-08-05T00:59:23.998207003) [Msg] Serving full state (async) on [/world/static_water_takeoff/state_async]
(2026-08-05T00:59:23.998243327) (2026-08-05T00:59:23.998246080) [Msg] Publishing scene information on [/world/static_water_takeoff/scene/info]
(2026-08-05T00:59:23.998287923) (2026-08-05T00:59:23.998289804) [Msg] Publishing entity deletions on [/world/static_water_takeoff/scene/deletion]
(2026-08-05T00:59:23.998316059) (2026-08-05T00:59:23.998318663) [Msg] Publishing state changes on [/world/static_water_takeoff/state]
(2026-08-05T00:59:23.998344411) (2026-08-05T00:59:23.998346210) [Msg] Publishing pose messages on [/world/static_water_takeoff/pose/info]
(2026-08-05T00:59:23.998362749) (2026-08-05T00:59:23.998364222) [Msg] Publishing dynamic pose messages on [/world/static_water_takeoff/dynamic_pose/info]
(2026-08-05T00:59:23.998560698) (2026-08-05T00:59:23.998565302) [Wrn] [Model.hh:69] Skipping serialization / deserialization for models with //pose/@relative_to attribute.
(2026-08-05T00:59:23.999012198) (2026-08-05T00:59:23.999016064) [Wrn] [Component.hh:144] Trying to serialize component with data type [N3sdf3v135WorldE], which doesn't have `operator<<`. Component will not be serialized.
(2026-08-05T00:59:24.2666378) (2026-08-05T00:59:24.2675038) [Dbg] [EntityComponentManager.cc:1655] Updated state thread iterators: 8 threads processing around 12 entities each.
(2026-08-05T00:59:24.358191340) (2026-08-05T00:59:24.358195082) [Dbg] [RenderUtil.cc:2720] Create scene [scene]
(2026-08-05T00:59:24.367070670) (2026-08-05T00:59:24.367078535) (2026-08-05T00:59:24.367100146) (2026-08-05T00:59:24.367106685) [Dbg] [Sensors.cc:293] Rendering Thread initialized
[Dbg] [Sensors.cc:680] Initialization needed
(2026-08-05T00:59:24.423692534) (2026-08-05T00:59:24.423701461) [Dbg] [CameraSensor.cc:465] Camera images for [recording_camera::link::cam] advertised on [recording_camera/image]
(2026-08-05T00:59:24.423818062) (2026-08-05T00:59:24.423821403) [Dbg] [CameraSensor.cc:793] Camera info for [recording_camera::link::cam] advertised on [/recording_camera/camera_info]
(2026-08-05T00:59:24.423957967) (2026-08-05T00:59:24.423960762) [Wrn] [Ogre2Camera.cc:412] Ogre2Camera::SetVisibilityMask: Mask bits c0000000 are set but will be ignored as they conflict with the reserved bits used internally by the ogre2 backend.
(2026-08-05T00:59:33.592072872) (2026-08-05T00:59:33.592082042) [Msg] Loading plugin [gz-rendering-ogre2]
(2026-08-05T00:59:33.595101982) (2026-08-05T00:59:33.595108446) [Msg] Compatible SW encoder: libx264
(2026-08-05T00:59:33.595116112) (2026-08-05T00:59:33.595117419) [Msg] Using encoder libx264
(2026-08-05T00:59:33.595822351) (2026-08-05T00:59:33.595825506) [Msg] ffmpeg [libx264] using cpu capabilities: MMX2 SSE2Fast SSSE3 SSE4.2 AVX FMA3 BMI2 AVX2

(2026-08-05T00:59:33.596630663) (2026-08-05T00:59:33.596635409) [Msg] ffmpeg [libx264] profile High, level 2.2, 4:2:0, 8-bit

(2026-08-05T00:59:33.596660267) (2026-08-05T00:59:33.596661845) [Msg] ffmpeg [libx264] 264 - core 163 r3060 5db6aa6 - H.264/MPEG-4 AVC codec - Copyleft 2003-2021 - http://www.videolan.org/x264.html - options: cabac=1 ref=5 deblock=1:0:0 analyse=0x3:0x113 me=hex subme=8 psy=1 psy_rd=1.00:0.00 mixed_ref=1 me_range=16 chroma_me=1 trellis=2 8x8dct=1 cqm=0 deadzone=21,11 fast_pskip=1 chroma_qp_offset=-2 threads=5 lookahead_threads=1 sliced_threads=0 nr=0 decimate=1 interlaced=0 bluray_compat=0 constrained_intra=0 bframes=1 b_pyramid=0 b_adapt=1 b_bias=0 direct=3 weightb=1 open_gop=0 weightp=2 keyint=10 keyint_min=1 scenecut=40 intra_refresh=0 rc_lookahead=10 rc=abr mbtree=1 bitrate=2000 ratetol=1.0 qcomp=0.60 qpmin=0 qpmax=69 qpstep=4 ip_ratio=1.40 aq=1:1.00

(2026-08-05T00:59:33.596858628) (2026-08-05T00:59:33.596863596) [Msg] Start video recording on [recording_camera/record_video]. Encoding to tmp file: [91.mp4]
(2026-08-05T00:59:33.598246797) (2026-08-05T00:59:33.598251574) [Dbg] [CameraSensor.cc:590] Enabling camera sensor: 'recording_camera::link::cam' data generation.
(2026-08-05T01:00:24.26840244) (2026-08-05T01:00:24.26860542) [Msg] ffmpeg [libx264] frame I:60    Avg QP: 0.06  size: 16518

(2026-08-05T01:00:24.26870853) (2026-08-05T01:00:24.26873104) [Msg] ffmpeg [libx264] frame P:298   Avg QP: 0.09  size:  3112

(2026-08-05T01:00:24.26878632) (2026-08-05T01:00:24.26880719) [Msg] ffmpeg [libx264] frame B:239   Avg QP: 0.05  size:   193

(2026-08-05T01:00:24.26887160) (2026-08-05T01:00:24.26889190) [Msg] ffmpeg [libx264] consecutive B-frames: 19.9% 80.1%

(2026-08-05T01:00:24.26895980) (2026-08-05T01:00:24.26898014) [Msg] ffmpeg [libx264] mb I  I16..4: 81.0%  9.5%  9.5%

(2026-08-05T01:00:24.26904681) (2026-08-05T01:00:24.26906710) [Msg] ffmpeg [libx264] mb P  I16..4:  0.1%  0.0%  0.1%  P16..4:  1.0%  0.7%  0.8%  0.0%  0.0%    skip:97.3%

(2026-08-05T01:00:24.26914762) (2026-08-05T01:00:24.26916794) [Msg] ffmpeg [libx264] mb B  I16..4:  0.0%  0.0%  0.0%  B16..8:  3.0%  0.3%  0.0%  direct: 1.5%  skip:95.2%  L0:67.0% L1:31.0% BI: 2.1%

(2026-08-05T01:00:24.26924172) (2026-08-05T01:00:24.26926203) [Msg] ffmpeg [libx264] final ratefactor: -18.16

(2026-08-05T01:00:24.26931800) (2026-08-05T01:00:24.26933817) [Msg] ffmpeg [libx264] 8x8 transform intra:9.5% inter:1.8%

(2026-08-05T01:00:24.26944891) (2026-08-05T01:00:24.26947093) [Msg] ffmpeg [libx264] direct mvs  spatial:98.7% temporal:1.3%

(2026-08-05T01:00:24.26953682) (2026-08-05T01:00:24.26955741) [Msg] ffmpeg [libx264] coded y,uvDC,uvAC intra: 21.6% 32.1% 31.8% inter: 1.0% 1.3% 1.3%

(2026-08-05T01:00:24.26981617) (2026-08-05T01:00:24.26983996) [Msg] ffmpeg [libx264] i16 v,h,dc,p: 74% 20%  5%  1%

(2026-08-05T01:00:24.26993038) (2026-08-05T01:00:24.26994595) [Msg] ffmpeg [libx264] i8 v,h,dc,ddl,ddr,vr,hd,vl,hu:  3% 53% 29%  0%  1%  0%  9%  0%  5%

(2026-08-05T01:00:24.26999700) (2026-08-05T01:00:24.27001084) [Msg] ffmpeg [libx264] i4 v,h,dc,ddl,ddr,vr,hd,vl,hu:  8% 42% 24%  6%  2%  2%  5%  2%  8%

(2026-08-05T01:00:24.27005328) (2026-08-05T01:00:24.27006655) [Msg] ffmpeg [libx264] i8c dc,h,v,p: 70% 25%  2%  2%

(2026-08-05T01:00:24.27010896) (2026-08-05T01:00:24.27012230) [Msg] ffmpeg [libx264] Weighted P-Frames: Y:0.0% UV:0.0%

(2026-08-05T01:00:24.27017497) (2026-08-05T01:00:24.27018849) [Msg] ffmpeg [libx264] ref P L0: 83.6%  3.8%  5.7%  4.0%  2.8%  0.1%

(2026-08-05T01:00:24.27023477) (2026-08-05T01:00:24.27024809) [Msg] ffmpeg [libx264] ref B L0: 99.1%  0.5%  0.4%  0.0%

(2026-08-05T01:00:24.27028838) (2026-08-05T01:00:24.27030342) [Msg] ffmpeg [libx264] kb/s:315.89

(2026-08-05T01:00:24.27761573) (2026-08-05T01:00:24.27767239) [Msg] Stop video recording on [recording_camera/record_video].
(2026-08-05T01:00:24.27831900) (2026-08-05T01:00:24.27834567) [Msg] Saving tmp video[91.mp4] file to [/home/cxj/coaxial_uav/data/videos/final_strong/final_strong.mp4]
(2026-08-05T01:00:26.13810921) (2026-08-05T01:00:26.13820097) [Dbg] [SignalHandler.cc:142] Received signal[15].
(2026-08-05T01:00:26.13828453) (2026-08-05T01:00:26.13829954) [Dbg] [ServerPrivate.cc:115] Server received signal[15]
(2026-08-05T01:00:26.13836866) (2026-08-05T01:00:26.13838415) [Dbg] [Sensors.cc:452] SensorsPrivate::Stop
(2026-08-05T01:00:26.77657033) (2026-08-05T01:00:26.77665518) [Dbg] [Sensors.cc:438] SensorsPrivate::RenderThread stopped
