(2026-08-04T21:37:42.11297965) (2026-08-04T21:37:42.11301947) [Msg] Gazebo Sim Server v7.9.0
(2026-08-04T21:37:42.12498492) (2026-08-04T21:37:42.12501421) [Msg] Loading SDF world file[/home/cxj/coaxial_uav/worlds/static_water_takeoff_video.sdf].
(2026-08-04T21:37:42.133149445) (2026-08-04T21:37:42.133158966) [Msg] Serving entity system service on [/entity/system/add]
(2026-08-04T21:37:42.167738721) (2026-08-04T21:37:42.167748049) [Dbg] [Physics.cc:889] Loaded [gz::physics::dartsim::Plugin] from library [/usr/lib/x86_64-linux-gnu/gz-physics-6/engine-plugins/libgz-physics-dartsim-plugin.so]
(2026-08-04T21:37:42.167776984) (2026-08-04T21:37:42.167778632) [Dbg] [SystemManager.cc:74] Loaded system [gz::sim::systems::Physics] for entity [1]
(2026-08-04T21:37:42.169180317) (2026-08-04T21:37:42.169184794) [Msg] Create service on [/world/static_water_takeoff/create]
(2026-08-04T21:37:42.169235932) (2026-08-04T21:37:42.169237557) [Msg] Remove service on [/world/static_water_takeoff/remove]
(2026-08-04T21:37:42.169272431) (2026-08-04T21:37:42.169273923) [Msg] Pose service on [/world/static_water_takeoff/set_pose]
(2026-08-04T21:37:42.169298674) (2026-08-04T21:37:42.169300147) [Msg] Pose service on [/world/static_water_takeoff/set_pose_vector]
(2026-08-04T21:37:42.169353036) (2026-08-04T21:37:42.169354470) [Msg] Light configuration service on [/world/static_water_takeoff/light_config]
(2026-08-04T21:37:42.169467183) (2026-08-04T21:37:42.169469962) [Msg] Physics service on [/world/static_water_takeoff/set_physics]
(2026-08-04T21:37:42.169543339) (2026-08-04T21:37:42.169546199) [Msg] SphericalCoordinates service on [/world/static_water_takeoff/set_spherical_coordinates]
(2026-08-04T21:37:42.169575137) (2026-08-04T21:37:42.169577607) [Msg] Enable collision service on [/world/static_water_takeoff/enable_collision]
(2026-08-04T21:37:42.169606493) (2026-08-04T21:37:42.169608976) [Msg] Disable collision service on [/world/static_water_takeoff/disable_collision]
(2026-08-04T21:37:42.169755529) (2026-08-04T21:37:42.169759989) [Msg] Material service on [/world/static_water_takeoff/visual_config]
(2026-08-04T21:37:42.169835561) (2026-08-04T21:37:42.169838390) [Msg] Material service on [/world/static_water_takeoff/wheel_slip]
(2026-08-04T21:37:42.169850445) (2026-08-04T21:37:42.169851898) [Dbg] [SystemManager.cc:74] Loaded system [gz::sim::systems::UserCommands] for entity [1]
(2026-08-04T21:37:42.170541960) (2026-08-04T21:37:42.170546160) [Dbg] [SystemManager.cc:74] Loaded system [gz::sim::systems::SceneBroadcaster] for entity [1]
(2026-08-04T21:37:42.173289106) (2026-08-04T21:37:42.173293169) [Dbg] [Sensors.cc:525] Configuring Sensors system
(2026-08-04T21:37:42.173326805) (2026-08-04T21:37:42.173328205) [Dbg] [Sensors.cc:444] SensorsPrivate::Run
(2026-08-04T21:37:42.173403121) (2026-08-04T21:37:42.173405714) [Dbg] [SystemManager.cc:74] Loaded system [gz::sim::systems::Sensors] for entity [1]
(2026-08-04T21:37:42.173486076) (2026-08-04T21:37:42.173492194) [Dbg] [Sensors.cc:421] SensorsPrivate::RenderThread started
(2026-08-04T21:37:42.173499193) (2026-08-04T21:37:42.173500712) [Dbg] [Sensors.cc:261] Waiting for init
(2026-08-04T21:37:42.173837994) (2026-08-04T21:37:42.173841868) [Dbg] [SystemManager.cc:74] Loaded system [gz::sim::systems::Contact] for entity [1]
(2026-08-04T21:37:42.174291398) (2026-08-04T21:37:42.174294776) [Msg] Listening to instantaneous wrench commands in [/world/static_water_takeoff/wrench]
(2026-08-04T21:37:42.174318085) (2026-08-04T21:37:42.174319542) [Msg] Listening to persistent wrench commands in [/world/static_water_takeoff/wrench/persistent]
(2026-08-04T21:37:42.174345417) (2026-08-04T21:37:42.174347709) [Msg] Listening to wrench clear commands in [/world/static_water_takeoff/wrench/clear]
(2026-08-04T21:37:42.174355755) (2026-08-04T21:37:42.174357202) [Dbg] [SystemManager.cc:74] Loaded system [gz::sim::systems::ApplyLinkWrench] for entity [1]
(2026-08-04T21:37:42.288302904) (2026-08-04T21:37:42.288309951) [Dbg] [SystemManager.cc:74] Loaded system [coaxial_uav::MovingLandingTarget] for entity [8]
(2026-08-04T21:37:42.289204796) (2026-08-04T21:37:42.289216117) [Dbg] [SystemManager.cc:74] Loaded system [coaxial_uav::MovingLandingTarget] for entity [13]
(2026-08-04T21:37:42.292469522) (2026-08-04T21:37:42.292473841) [Dbg] [SystemManager.cc:74] Loaded system [gz::sim::systems::PosePublisher] for entity [40]
(2026-08-04T21:37:42.292996659) (2026-08-04T21:37:42.292999910) [Dbg] [SystemManager.cc:74] Loaded system [gz::sim::systems::JointStatePublisher] for entity [40]
(2026-08-04T21:37:42.295475700) (2026-08-04T21:37:42.295480090) [Dbg] [SystemManager.cc:74] Loaded system [coaxial_uav::CoaxialPidController] for entity [40]
(2026-08-04T21:37:42.297222342) (2026-08-04T21:37:42.297227055) [Dbg] [SystemManager.cc:74] Loaded system [coaxial_uav::NearSurfaceDisturbance] for entity [40]
(2026-08-04T21:37:42.299133078) (2026-08-04T21:37:42.299137380) [Dbg] [SystemManager.cc:74] Loaded system [coaxial_uav::AerodynamicEnvironment] for entity [40]
(2026-08-04T21:37:42.301236473) (2026-08-04T21:37:42.301248754) [Dbg] [SystemManager.cc:74] Loaded system [coaxial_uav::CoaxialWaterInteraction] for entity [40]
(2026-08-04T21:37:42.303097551) (2026-08-04T21:37:42.303104653) [Dbg] [MulticopterMotorModel.cc:386] Listening to topic: coaxial_uav/gazebo/command/motor_speed
(2026-08-04T21:37:42.303212844) (2026-08-04T21:37:42.303215725) [Dbg] [SystemManager.cc:74] Loaded system [gz::sim::systems::MulticopterMotorModel] for entity [40]
(2026-08-04T21:37:42.303535778) (2026-08-04T21:37:42.303540567) [Dbg] [MulticopterMotorModel.cc:386] Listening to topic: coaxial_uav/gazebo/command/motor_speed
(2026-08-04T21:37:42.303615501) (2026-08-04T21:37:42.303618440) [Dbg] [SystemManager.cc:74] Loaded system [gz::sim::systems::MulticopterMotorModel] for entity [40]
(2026-08-04T21:37:42.337081607) (2026-08-04T21:37:42.337092074) [Msg] Camera Video recorder stats topic advertised on [recording_camera/image/stats]
(2026-08-04T21:37:42.337131241) (2026-08-04T21:37:42.337132830) [Dbg] [SystemManager.cc:74] Loaded system [gz::sim::systems::CameraVideoRecorder] for entity [91]
(2026-08-04T21:37:42.339188364) (2026-08-04T21:37:42.339193829) [Msg] Loaded level [default]
(2026-08-04T21:37:42.339207970) (2026-08-04T21:37:42.339209453) [Dbg] [ServerConfig.cc:685] Generating LogRecord SDF:
(2026-08-04T21:37:42.339243943) (2026-08-04T21:37:42.339245495) [Dbg] [ServerConfig.cc:741] <plugin name='gz::sim::systems::LogRecord' filename='gz-sim-log-system'>
  <record_path>/home/cxj/coaxial_uav/data/videos/rec_smoke/tlog</record_path>
  <record_resources>false</record_resources>
  <record_period>0.10000000000000001</record_period>
</plugin>

(2026-08-04T21:37:42.361807904) (2026-08-04T21:37:42.361815499) [Msg] Recording to log file [/home/cxj/coaxial_uav/data/videos/rec_smoke/tlog/state.tlog]
(2026-08-04T21:37:42.361825518) (2026-08-04T21:37:42.361826938) [Dbg] [LogRecord.cc:333] Recording default topic[/tlog/sdf].
(2026-08-04T21:37:42.361833354) (2026-08-04T21:37:42.361834742) [Dbg] [LogRecord.cc:334] Recording default topic[/world/static_water_takeoff/changed_state].
(2026-08-04T21:37:42.384257227) (2026-08-04T21:37:42.384266226) [Dbg] [SystemManager.cc:74] Loaded system [gz::sim::systems::LogRecord] for entity [1]
(2026-08-04T21:37:42.387220593) (2026-08-04T21:37:42.387225632) [Msg] Serving world controls on [/world/static_water_takeoff/control], [/world/static_water_takeoff/control/state] and [/world/static_water_takeoff/playback/control]
(2026-08-04T21:37:42.387296228) (2026-08-04T21:37:42.387298816) [Msg] Serving GUI information on [/world/static_water_takeoff/gui/info]
(2026-08-04T21:37:42.387305447) (2026-08-04T21:37:42.387306804) [Msg] World [static_water_takeoff] initialized with [1ms] physics profile.
(2026-08-04T21:37:42.387391979) (2026-08-04T21:37:42.387394685) [Msg] Serving world SDF generation service on [/world/static_water_takeoff/generate_world_sdf]
(2026-08-04T21:37:42.387458955) (2026-08-04T21:37:42.387461564) [Msg] Serving world names on [/gazebo/worlds]
(2026-08-04T21:37:42.387491024) (2026-08-04T21:37:42.387493566) [Msg] Resource path add service on [/gazebo/resource_paths/add].
(2026-08-04T21:37:42.387539323) (2026-08-04T21:37:42.387541897) [Msg] Resource path get service on [/gazebo/resource_paths/get].
(2026-08-04T21:37:42.387577841) (2026-08-04T21:37:42.387580396) [Msg] Resource path resolve service on [/gazebo/resource_paths/resolve].
(2026-08-04T21:37:42.387654429) (2026-08-04T21:37:42.387657001) [Msg] Resource paths published on [/gazebo/resource_paths].
(2026-08-04T21:37:42.387730027) (2026-08-04T21:37:42.387732550) [Msg] Server control service on [/server_control].
(2026-08-04T21:37:43.887182740) (2026-08-04T21:37:43.887189913) [Msg] Found no publishers on /stats, adding root stats topic
(2026-08-04T21:37:43.887280917) (2026-08-04T21:37:43.887283611) [Msg] Found no publishers on /clock, adding root clock topic
(2026-08-04T21:37:43.887436335) (2026-08-04T21:37:43.887439342) [Dbg] [SimulationRunner.cc:480] Creating PostUpdate worker threads: 8
(2026-08-04T21:37:43.887451226) (2026-08-04T21:37:43.887452725) [Dbg] [SimulationRunner.cc:491] Creating postupdate worker thread (0)
(2026-08-04T21:37:43.887526621) (2026-08-04T21:37:43.887529386) [Dbg] [SimulationRunner.cc:491] Creating postupdate worker thread (1)
(2026-08-04T21:37:43.887569963) (2026-08-04T21:37:43.887572494) [Dbg] [SimulationRunner.cc:491] Creating postupdate worker thread (2)
(2026-08-04T21:37:43.887610578) (2026-08-04T21:37:43.887613078) [Dbg] [SimulationRunner.cc:491] Creating postupdate worker thread (3)
(2026-08-04T21:37:43.887636213) (2026-08-04T21:37:43.887637685) [Dbg] [SimulationRunner.cc:491] Creating postupdate worker thread (4)
(2026-08-04T21:37:43.887665296) (2026-08-04T21:37:43.887667735) [Dbg] [SimulationRunner.cc:491] Creating postupdate worker thread (5)
(2026-08-04T21:37:43.887701783) (2026-08-04T21:37:43.887704377) [Dbg] [SimulationRunner.cc:491] Creating postupdate worker thread (6)
(2026-08-04T21:37:43.892283011) (2026-08-04T21:37:43.892294804) [Dbg] [Sensors.cc:680] Initialization needed
(2026-08-04T21:37:43.892335672) (2026-08-04T21:37:43.892338292) [Dbg] [Sensors.cc:273] Initializing render context
(2026-08-04T21:37:43.892398023) (2026-08-04T21:37:43.892399701) [Msg] (Loading plugin [gz-rendering-ogre2]
2026-08-04T21:37:43.892433220) [Msg] Record video service on [recording_camera/record_video]
(2026-08-04T21:37:43.892915018) (2026-08-04T21:37:43.892919474) [Msg] Serving scene information on [/world/static_water_takeoff/scene/info]
(2026-08-04T21:37:43.892973567) (2026-08-04T21:37:43.892976344) [Msg] Serving graph information on [/world/static_water_takeoff/scene/graph]
(2026-08-04T21:37:43.893002825) (2026-08-04T21:37:43.893004364) [Msg] Serving full state on [/world/static_water_takeoff/state]
(2026-08-04T21:37:43.893025632) (2026-08-04T21:37:43.893027108) [Msg] Serving full state (async) on [/world/static_water_takeoff/state_async]
(2026-08-04T21:37:43.893089034) (2026-08-04T21:37:43.893091701) [Msg] Publishing scene information on [/world/static_water_takeoff/scene/info]
(2026-08-04T21:37:43.893170191) (2026-08-04T21:37:43.893173359) [Msg] Publishing entity deletions on [/world/static_water_takeoff/scene/deletion]
(2026-08-04T21:37:43.893288157) (2026-08-04T21:37:43.893291069) [Msg] Publishing state changes on [/world/static_water_takeoff/state]
(2026-08-04T21:37:43.893324156) (2026-08-04T21:37:43.893325951) [Msg] Publishing pose messages on [/world/static_water_takeoff/pose/info]
(2026-08-04T21:37:43.893346141) (2026-08-04T21:37:43.893348013) [Msg] Publishing dynamic pose messages on [/world/static_water_takeoff/dynamic_pose/info]
(2026-08-04T21:37:43.893542671) (2026-08-04T21:37:43.893546782) [Wrn] [Model.hh:69] Skipping serialization / deserialization for models with //pose/@relative_to attribute.
(2026-08-04T21:37:43.893595513) (2026-08-04T21:37:43.893597791) [Dbg] [EntityComponentManager.cc:1655] Updated state thread iterators: 8 threads processing around 12 entities each.
(2026-08-04T21:37:43.893922394) (2026-08-04T21:37:43.893925671) [Wrn] [Component.hh:144] Trying to serialize component with data type [N3sdf3v135WorldE], which doesn't have `operator<<`. Component will not be serialized.
(2026-08-04T21:37:44.265751454) (2026-08-04T21:37:44.265754961) [Dbg] [RenderUtil.cc:2720] Create scene [scene]
(2026-08-04T21:37:44.275798950) (2026-08-04T21:37:44.275805000) (2026-08-04T21:37:44.275825993) (2026-08-04T21:37:44.275831833) [Dbg] [Sensors.cc:293] Rendering Thread initialized
[Dbg] [Sensors.cc:680] Initialization needed
(2026-08-04T21:37:44.323957963) (2026-08-04T21:37:44.323965331) [Dbg] [CameraSensor.cc:465] Camera images for [recording_camera::link::cam] advertised on [recording_camera/image]
(2026-08-04T21:37:44.324078110) (2026-08-04T21:37:44.324081226) [Dbg] [CameraSensor.cc:793] Camera info for [recording_camera::link::cam] advertised on [/recording_camera/camera_info]
(2026-08-04T21:37:44.324184714) (2026-08-04T21:37:44.324186564) [Wrn] [Ogre2Camera.cc:412] Ogre2Camera::SetVisibilityMask: Mask bits c0000000 are set but will be ignored as they conflict with the reserved bits used internally by the ogre2 backend.
(2026-08-04T21:37:53.493763198) (2026-08-04T21:37:53.493770545) [Msg] Loading plugin [gz-rendering-ogre2]
(2026-08-04T21:37:53.500774990) (2026-08-04T21:37:53.500781894) [Msg] Compatible SW encoder: libx264
(2026-08-04T21:37:53.500789856) (2026-08-04T21:37:53.500791233) [Msg] Using encoder libx264
(2026-08-04T21:37:53.501263823) (2026-08-04T21:37:53.501266900) [Msg] ffmpeg [libx264] using cpu capabilities: MMX2 SSE2Fast SSSE3 SSE4.2 AVX FMA3 BMI2 AVX2

(2026-08-04T21:37:53.502176173) (2026-08-04T21:37:53.502179802) [Msg] ffmpeg [libx264] profile High, level 2.2, 4:2:0, 8-bit

(2026-08-04T21:37:53.502203840) (2026-08-04T21:37:53.502205343) [Msg] ffmpeg [libx264] 264 - core 163 r3060 5db6aa6 - H.264/MPEG-4 AVC codec - Copyleft 2003-2021 - http://www.videolan.org/x264.html - options: cabac=1 ref=5 deblock=1:0:0 analyse=0x3:0x113 me=hex subme=8 psy=1 psy_rd=1.00:0.00 mixed_ref=1 me_range=16 chroma_me=1 trellis=2 8x8dct=1 cqm=0 deadzone=21,11 fast_pskip=1 chroma_qp_offset=-2 threads=5 lookahead_threads=1 sliced_threads=0 nr=0 decimate=1 interlaced=0 bluray_compat=0 constrained_intra=0 bframes=1 b_pyramid=0 b_adapt=1 b_bias=0 direct=3 weightb=1 open_gop=0 weightp=2 keyint=10 keyint_min=1 scenecut=40 intra_refresh=0 rc_lookahead=10 rc=abr mbtree=1 bitrate=2000 ratetol=1.0 qcomp=0.60 qpmin=0 qpmax=69 qpstep=4 ip_ratio=1.40 aq=1:1.00

(2026-08-04T21:37:53.502314352) (2026-08-04T21:37:53.502317201) [Msg] Start video recording on [recording_camera/record_video]. Encoding to tmp file: [91.mp4]
(2026-08-04T21:37:53.503624791) (2026-08-04T21:37:53.503629398) [Dbg] [CameraSensor.cc:590] Enabling camera sensor: 'recording_camera::link::cam' data generation.
(2026-08-04T21:38:54.935633901) (2026-08-04T21:38:54.935642198) [Msg] ffmpeg [libx264] frame I:73    Avg QP: 0.08  size: 16277

(2026-08-04T21:38:54.935650989) (2026-08-04T21:38:54.935653189) [Msg] ffmpeg [libx264] frame P:365   Avg QP: 0.07  size:  2756

(2026-08-04T21:38:54.935658721) (2026-08-04T21:38:54.935660779) [Msg] ffmpeg [libx264] frame B:292   Avg QP: 0.04  size:   192

(2026-08-04T21:38:54.935667204) (2026-08-04T21:38:54.935669208) [Msg] ffmpeg [libx264] consecutive B-frames: 20.0% 80.0%

(2026-08-04T21:38:54.935675924) (2026-08-04T21:38:54.935677932) [Msg] ffmpeg [libx264] mb I  I16..4: 81.1%  9.7%  9.2%

(2026-08-04T21:38:54.935684726) (2026-08-04T21:38:54.935686766) [Msg] ffmpeg [libx264] mb P  I16..4:  0.1%  0.0%  0.1%  P16..4:  1.0%  0.6%  0.7%  0.0%  0.0%    skip:97.5%

(2026-08-04T21:38:54.935694857) (2026-08-04T21:38:54.935696921) [Msg] ffmpeg [libx264] mb B  I16..4:  0.0%  0.0%  0.0%  B16..8:  2.9%  0.3%  0.0%  direct: 1.6%  skip:95.2%  L0:65.9% L1:32.1% BI: 2.0%

(2026-08-04T21:38:54.935704149) (2026-08-04T21:38:54.935706169) [Msg] ffmpeg [libx264] final ratefactor: -18.80

(2026-08-04T21:38:54.935711872) (2026-08-04T21:38:54.935713882) [Msg] ffmpeg [libx264] 8x8 transform intra:9.7% inter:1.8%

(2026-08-04T21:38:54.935719150) (2026-08-04T21:38:54.935721140) [Msg] ffmpeg [libx264] direct mvs  spatial:98.6% temporal:1.4%

(2026-08-04T21:38:54.935727630) (2026-08-04T21:38:54.935729683) [Msg] ffmpeg [libx264] coded y,uvDC,uvAC intra: 21.4% 31.9% 31.6% inter: 1.0% 1.2% 1.2%

(2026-08-04T21:38:54.935738684) (2026-08-04T21:38:54.935740106) [Msg] ffmpeg [libx264] i16 v,h,dc,p: 74% 20%  5%  1%

(2026-08-04T21:38:54.935746858) (2026-08-04T21:38:54.935748221) [Msg] ffmpeg [libx264] i8 v,h,dc,ddl,ddr,vr,hd,vl,hu:  3% 53% 29%  0%  1%  0%  8%  0%  5%

(2026-08-04T21:38:54.935753080) (2026-08-04T21:38:54.935754509) [Msg] ffmpeg [libx264] i4 v,h,dc,ddl,ddr,vr,hd,vl,hu:  8% 42% 23%  6%  2%  2%  5%  2%  8%

(2026-08-04T21:38:54.935758692) (2026-08-04T21:38:54.935760065) [Msg] ffmpeg [libx264] i8c dc,h,v,p: 70% 25%  2%  2%

(2026-08-04T21:38:54.935764169) (2026-08-04T21:38:54.935765499) [Msg] ffmpeg [libx264] Weighted P-Frames: Y:0.0% UV:0.0%

(2026-08-04T21:38:54.935770674) (2026-08-04T21:38:54.935772007) [Msg] ffmpeg [libx264] ref P L0: 81.7%  3.3%  6.6%  5.9%  2.2%  0.4%

(2026-08-04T21:38:54.935776406) (2026-08-04T21:38:54.935777784) [Msg] ffmpeg [libx264] ref B L0: 99.1%  0.5%  0.3%  0.1%

(2026-08-04T21:38:54.935781773) (2026-08-04T21:38:54.935783489) [Msg] ffmpeg [libx264] kb/s:295.95

(2026-08-04T21:38:54.936258842) (2026-08-04T21:38:54.936262900) [Msg] Stop video recording on [recording_camera/record_video].
(2026-08-04T21:38:54.936312380) (2026-08-04T21:38:54.936313781) [Msg] Saving tmp video[91.mp4] file to [/home/cxj/coaxial_uav/data/videos/rec_smoke/rec_smoke.mp4]
(2026-08-04T21:38:56.925208550) (2026-08-04T21:38:56.925216177) [Dbg] [SignalHandler.cc:142] Received signal[15].
(2026-08-04T21:38:56.925227195) (2026-08-04T21:38:56.925229110) [Dbg] [ServerPrivate.cc:115] Server received signal[15]
(2026-08-04T21:38:56.925237596) (2026-08-04T21:38:56.925238982) [Dbg] [Sensors.cc:452] SensorsPrivate::Stop
(2026-08-04T21:38:56.989578324) (2026-08-04T21:38:56.989586893) [Dbg] [Sensors.cc:438] SensorsPrivate::RenderThread stopped
